// Jest Snapshot v1, https://goo.gl/fbAQLP

exports[`renders UI as expected 1`] = `
<div
  className="thank-you-container"
>
  <div
    className="hero"
  >
    <h1>
      Thank You!
    </h1>
    <div
      className="redirected"
    >
      <h3>
        You will be redirected in a few seconds...
      </h3>
    </div>
  </div>
  <div
    className="thank-you-push"
  />
</div>
`;
