// Jest Snapshot v1, https://goo.gl/fbAQLP

exports[`renders the UI as expected 1`] = `
Array [
  <div
    id="add-review-header"
  >
    <h2>
      Add review
    </h2>
  </div>,
  <div
    className="add-review-container"
  >
    <div />
    <form
      id="add-review-form"
      onSubmit={[Function]}
    >
      <label>
        Add tagline 
        <span
          style={
            Object {
              "color": "smokewhite",
              "fontStyle": "italic",
            }
          }
        >
          (optional)
        </span>
      </label>
      <input
        name="tagline"
        onChange={[Function]}
        placeholder="One line to describe your experience"
        type="text"
        value=""
      />
      <label>
        Name of performer/ band*
      </label>
      <input
        className={null}
        name="band_name"
        onBlur={[Function]}
        onChange={[Function]}
        placeholder="e.g The Hungry Caterpillars"
        required={true}
        value=""
      />
      <label>
        Name of venue*
      </label>
      <input
        className={null}
        name="venue"
        onBlur={[Function]}
        onChange={[Function]}
        placeholder="e.g Yolanda's Prophylactic Emporium"
        required={true}
        value=""
      />
      <label>
        Date of performace*
      </label>
      <div
        id="calendar"
      >
        <div
          className="react-calendar"
        >
          <div
            className="react-calendar__navigation"
            style={
              Object {
                "display": "flex",
              }
            }
          >
            <button
              aria-label=""
              className="react-calendar__navigation__arrow react-calendar__navigation__prev2-button"
              onClick={[Function]}
              type="button"
            >
              «
            </button>
            <button
              aria-label=""
              className="react-calendar__navigation__arrow react-calendar__navigation__prev-button"
              onClick={[Function]}
              type="button"
            >
              ‹
            </button>
            <button
              aria-label=""
              className="react-calendar__navigation__label"
              disabled={false}
              onClick={[Function]}
              style={
                Object {
                  "flexGrow": 1,
                }
              }
              type="button"
            >
              May 2021
            </button>
            <button
              aria-label=""
              className="react-calendar__navigation__arrow react-calendar__navigation__next-button"
              onClick={[Function]}
              type="button"
            >
              ›
            </button>
            <button
              aria-label=""
              className="react-calendar__navigation__arrow react-calendar__navigation__next2-button"
              onClick={[Function]}
              type="button"
            >
              »
            </button>
          </div>
          <div
            className="react-calendar__viewContainer"
            onBlur={null}
            onMouseLeave={null}
          >
            <div
              className="react-calendar__month-view "
            >
              <div
                style={
                  Object {
                    "alignItems": "flex-end",
                    "display": "flex",
                  }
                }
              >
                <div
                  style={
                    Object {
                      "flexGrow": 1,
                      "width": "100%",
                    }
                  }
                >
                  <div
                    className="react-calendar__month-view__weekdays"
                    onFocus={[Function]}
                    onMouseOver={[Function]}
                    style={
                      Object {
                        "display": "flex",
                        "flexDirection": undefined,
                        "flexWrap": "no-wrap",
                      }
                    }
                  >
                    <div
                      className="react-calendar__month-view__weekdays__weekday"
                      style={
                        Object {
                          "flexBasis": "14.285714285714286%",
                          "marginLeft": null,
                          "maxWidth": "14.285714285714286%",
                          "overflow": "hidden",
                        }
                      }
                    >
                      <abbr
                        aria-label="Monday"
                        title="Monday"
                      >
                        Mon
                      </abbr>
                    </div>
                    <div
                      className="react-calendar__month-view__weekdays__weekday"
                      style={
                        Object {
                          "flexBasis": "14.285714285714286%",
                          "marginLeft": null,
                          "maxWidth": "14.285714285714286%",
                          "overflow": "hidden",
                        }
                      }
                    >
                      <abbr
                        aria-label="Tuesday"
                        title="Tuesday"
                      >
                        Tue
                      </abbr>
                    </div>
                    <div
                      className="react-calendar__month-view__weekdays__weekday"
                      style={
                        Object {
                          "flexBasis": "14.285714285714286%",
                          "marginLeft": null,
                          "maxWidth": "14.285714285714286%",
                          "overflow": "hidden",
                        }
                      }
                    >
                      <abbr
                        aria-label="Wednesday"
                        title="Wednesday"
                      >
                        Wed
                      </abbr>
                    </div>
                    <div
                      className="react-calendar__month-view__weekdays__weekday"
                      style={
                        Object {
                          "flexBasis": "14.285714285714286%",
                          "marginLeft": null,
                          "maxWidth": "14.285714285714286%",
                          "overflow": "hidden",
                        }
                      }
                    >
                      <abbr
                        aria-label="Thursday"
                        title="Thursday"
                      >
                        Thu
                      </abbr>
                    </div>
                    <div
                      className="react-calendar__month-view__weekdays__weekday"
                      style={
                        Object {
                          "flexBasis": "14.285714285714286%",
                          "marginLeft": null,
                          "maxWidth": "14.285714285714286%",
                          "overflow": "hidden",
                        }
                      }
                    >
                      <abbr
                        aria-label="Friday"
                        title="Friday"
                      >
                        Fri
                      </abbr>
                    </div>
                    <div
                      className="react-calendar__month-view__weekdays__weekday"
                      style={
                        Object {
                          "flexBasis": "14.285714285714286%",
                          "marginLeft": null,
                          "maxWidth": "14.285714285714286%",
                          "overflow": "hidden",
                        }
                      }
                    >
                      <abbr
                        aria-label="Saturday"
                        title="Saturday"
                      >
                        Sat
                      </abbr>
                    </div>
                    <div
                      className="react-calendar__month-view__weekdays__weekday"
                      style={
                        Object {
                          "flexBasis": "14.285714285714286%",
                          "marginLeft": null,
                          "maxWidth": "14.285714285714286%",
                          "overflow": "hidden",
                        }
                      }
                    >
                      <abbr
                        aria-label="Sunday"
                        title="Sunday"
                      >
                        Sun
                      </abbr>
                    </div>
                  </div>
                  <div
                    className="react-calendar__month-view__days"
                    style={
                      Object {
                        "display": "flex",
                        "flexDirection": undefined,
                        "flexWrap": "wrap",
                      }
                    }
                  >
                    <button
                      className="react-calendar__tile react-calendar__month-view__days__day react-calendar__month-view__days__day--neighboringMonth"
                      onClick={[Function]}
                      onFocus={null}
                      onMouseOver={null}
                      style={
                        Object {
                          "flexBasis": "14.285714285714286%",
                          "marginLeft": null,
                          "maxWidth": "14.285714285714286%",
                          "overflow": "hidden",
                        }
                      }
                      type="button"
                    >
                      <abbr
                        aria-label="April 26, 2021"
                      >
                        26
                      </abbr>
                    </button>
                    <button
                      className="react-calendar__tile react-calendar__month-view__days__day react-calendar__month-view__days__day--neighboringMonth"
                      onClick={[Function]}
                      onFocus={null}
                      onMouseOver={null}
                      style={
                        Object {
                          "flexBasis": "14.285714285714286%",
                          "marginLeft": null,
                          "maxWidth": "14.285714285714286%",
                          "overflow": "hidden",
                        }
                      }
                      type="button"
                    >
                      <abbr
                        aria-label="April 27, 2021"
                      >
                        27
                      </abbr>
                    </button>
                    <button
                      className="react-calendar__tile react-calendar__month-view__days__day react-calendar__month-view__days__day--neighboringMonth"
                      onClick={[Function]}
                      onFocus={null}
                      onMouseOver={null}
                      style={
                        Object {
                          "flexBasis": "14.285714285714286%",
                          "marginLeft": null,
                          "maxWidth": "14.285714285714286%",
                          "overflow": "hidden",
                        }
                      }
                      type="button"
                    >
                      <abbr
                        aria-label="April 28, 2021"
                      >
                        28
                      </abbr>
                    </button>
                    <button
                      className="react-calendar__tile react-calendar__month-view__days__day react-calendar__month-view__days__day--neighboringMonth"
                      onClick={[Function]}
                      onFocus={null}
                      onMouseOver={null}
                      style={
                        Object {
                          "flexBasis": "14.285714285714286%",
                          "marginLeft": null,
                          "maxWidth": "14.285714285714286%",
                          "overflow": "hidden",
                        }
                      }
                      type="button"
                    >
                      <abbr
                        aria-label="April 29, 2021"
                      >
                        29
                      </abbr>
                    </button>
                    <button
                      className="react-calendar__tile react-calendar__month-view__days__day react-calendar__month-view__days__day--neighboringMonth"
                      onClick={[Function]}
                      onFocus={null}
                      onMouseOver={null}
                      style={
                        Object {
                          "flexBasis": "14.285714285714286%",
                          "marginLeft": null,
                          "maxWidth": "14.285714285714286%",
                          "overflow": "hidden",
                        }
                      }
                      type="button"
                    >
                      <abbr
                        aria-label="April 30, 2021"
                      >
                        30
                      </abbr>
                    </button>
                    <button
                      className="react-calendar__tile react-calendar__month-view__days__day react-calendar__month-view__days__day--weekend"
                      onClick={[Function]}
                      onFocus={null}
                      onMouseOver={null}
                      style={
                        Object {
                          "flexBasis": "14.285714285714286%",
                          "marginLeft": null,
                          "maxWidth": "14.285714285714286%",
                          "overflow": "hidden",
                        }
                      }
                      type="button"
                    >
                      <abbr
                        aria-label="May 1, 2021"
                      >
                        1
                      </abbr>
                    </button>
                    <button
                      className="react-calendar__tile react-calendar__month-view__days__day react-calendar__month-view__days__day--weekend"
                      onClick={[Function]}
                      onFocus={null}
                      onMouseOver={null}
                      style={
                        Object {
                          "flexBasis": "14.285714285714286%",
                          "marginLeft": null,
                          "maxWidth": "14.285714285714286%",
                          "overflow": "hidden",
                        }
                      }
                      type="button"
                    >
                      <abbr
                        aria-label="May 2, 2021"
                      >
                        2
                      </abbr>
                    </button>
                    <button
                      className="react-calendar__tile react-calendar__month-view__days__day"
                      onClick={[Function]}
                      onFocus={null}
                      onMouseOver={null}
                      style={
                        Object {
                          "flexBasis": "14.285714285714286%",
                          "marginLeft": null,
                          "maxWidth": "14.285714285714286%",
                          "overflow": "hidden",
                        }
                      }
                      type="button"
                    >
                      <abbr
                        aria-label="May 3, 2021"
                      >
                        3
                      </abbr>
                    </button>
                    <button
                      className="react-calendar__tile react-calendar__tile--now react-calendar__month-view__days__day"
                      onClick={[Function]}
                      onFocus={null}
                      onMouseOver={null}
                      style={
                        Object {
                          "flexBasis": "14.285714285714286%",
                          "marginLeft": null,
                          "maxWidth": "14.285714285714286%",
                          "overflow": "hidden",
                        }
                      }
                      type="button"
                    >
                      <abbr
                        aria-label="May 4, 2021"
                      >
                        4
                      </abbr>
                    </button>
                    <button
                      className="react-calendar__tile react-calendar__month-view__days__day"
                      onClick={[Function]}
                      onFocus={null}
                      onMouseOver={null}
                      style={
                        Object {
                          "flexBasis": "14.285714285714286%",
                          "marginLeft": null,
                          "maxWidth": "14.285714285714286%",
                          "overflow": "hidden",
                        }
                      }
                      type="button"
                    >
                      <abbr
                        aria-label="May 5, 2021"
                      >
                        5
                      </abbr>
                    </button>
                    <button
                      className="react-calendar__tile react-calendar__month-view__days__day"
                      onClick={[Function]}
                      onFocus={null}
                      onMouseOver={null}
                      style={
                        Object {
                          "flexBasis": "14.285714285714286%",
                          "marginLeft": null,
                          "maxWidth": "14.285714285714286%",
                          "overflow": "hidden",
                        }
                      }
                      type="button"
                    >
                      <abbr
                        aria-label="May 6, 2021"
                      >
                        6
                      </abbr>
                    </button>
                    <button
                      className="react-calendar__tile react-calendar__month-view__days__day"
                      onClick={[Function]}
                      onFocus={null}
                      onMouseOver={null}
                      style={
                        Object {
                          "flexBasis": "14.285714285714286%",
                          "marginLeft": null,
                          "maxWidth": "14.285714285714286%",
                          "overflow": "hidden",
                        }
                      }
                      type="button"
                    >
                      <abbr
                        aria-label="May 7, 2021"
                      >
                        7
                      </abbr>
                    </button>
                    <button
                      className="react-calendar__tile react-calendar__month-view__days__day react-calendar__month-view__days__day--weekend"
                      onClick={[Function]}
                      onFocus={null}
                      onMouseOver={null}
                      style={
                        Object {
                          "flexBasis": "14.285714285714286%",
                          "marginLeft": null,
                          "maxWidth": "14.285714285714286%",
                          "overflow": "hidden",
                        }
                      }
                      type="button"
                    >
                      <abbr
                        aria-label="May 8, 2021"
                      >
                        8
                      </abbr>
                    </button>
                    <button
                      className="react-calendar__tile react-calendar__month-view__days__day react-calendar__month-view__days__day--weekend"
                      onClick={[Function]}
                      onFocus={null}
                      onMouseOver={null}
                      style={
                        Object {
                          "flexBasis": "14.285714285714286%",
                          "marginLeft": null,
                          "maxWidth": "14.285714285714286%",
                          "overflow": "hidden",
                        }
                      }
                      type="button"
                    >
                      <abbr
                        aria-label="May 9, 2021"
                      >
                        9
                      </abbr>
                    </button>
                    <button
                      className="react-calendar__tile react-calendar__month-view__days__day"
                      onClick={[Function]}
                      onFocus={null}
                      onMouseOver={null}
                      style={
                        Object {
                          "flexBasis": "14.285714285714286%",
                          "marginLeft": null,
                          "maxWidth": "14.285714285714286%",
                          "overflow": "hidden",
                        }
                      }
                      type="button"
                    >
                      <abbr
                        aria-label="May 10, 2021"
                      >
                        10
                      </abbr>
                    </button>
                    <button
                      className="react-calendar__tile react-calendar__month-view__days__day"
                      onClick={[Function]}
                      onFocus={null}
                      onMouseOver={null}
                      style={
                        Object {
                          "flexBasis": "14.285714285714286%",
                          "marginLeft": null,
                          "maxWidth": "14.285714285714286%",
                          "overflow": "hidden",
                        }
                      }
                      type="button"
                    >
                      <abbr
                        aria-label="May 11, 2021"
                      >
                        11
                      </abbr>
                    </button>
                    <button
                      className="react-calendar__tile react-calendar__month-view__days__day"
                      onClick={[Function]}
                      onFocus={null}
                      onMouseOver={null}
                      style={
                        Object {
                          "flexBasis": "14.285714285714286%",
                          "marginLeft": null,
                          "maxWidth": "14.285714285714286%",
                          "overflow": "hidden",
                        }
                      }
                      type="button"
                    >
                      <abbr
                        aria-label="May 12, 2021"
                      >
                        12
                      </abbr>
                    </button>
                    <button
                      className="react-calendar__tile react-calendar__month-view__days__day"
                      onClick={[Function]}
                      onFocus={null}
                      onMouseOver={null}
                      style={
                        Object {
                          "flexBasis": "14.285714285714286%",
                          "marginLeft": null,
                          "maxWidth": "14.285714285714286%",
                          "overflow": "hidden",
                        }
                      }
                      type="button"
                    >
                      <abbr
                        aria-label="May 13, 2021"
                      >
                        13
                      </abbr>
                    </button>
                    <button
                      className="react-calendar__tile react-calendar__month-view__days__day"
                      onClick={[Function]}
                      onFocus={null}
                      onMouseOver={null}
                      style={
                        Object {
                          "flexBasis": "14.285714285714286%",
                          "marginLeft": null,
                          "maxWidth": "14.285714285714286%",
                          "overflow": "hidden",
                        }
                      }
                      type="button"
                    >
                      <abbr
                        aria-label="May 14, 2021"
                      >
                        14
                      </abbr>
                    </button>
                    <button
                      className="react-calendar__tile react-calendar__month-view__days__day react-calendar__month-view__days__day--weekend"
                      onClick={[Function]}
                      onFocus={null}
                      onMouseOver={null}
                      style={
                        Object {
                          "flexBasis": "14.285714285714286%",
                          "marginLeft": null,
                          "maxWidth": "14.285714285714286%",
                          "overflow": "hidden",
                        }
                      }
                      type="button"
                    >
                      <abbr
                        aria-label="May 15, 2021"
                      >
                        15
                      </abbr>
                    </button>
                    <button
                      className="react-calendar__tile react-calendar__month-view__days__day react-calendar__month-view__days__day--weekend"
                      onClick={[Function]}
                      onFocus={null}
                      onMouseOver={null}
                      style={
                        Object {
                          "flexBasis": "14.285714285714286%",
                          "marginLeft": null,
                          "maxWidth": "14.285714285714286%",
                          "overflow": "hidden",
                        }
                      }
                      type="button"
                    >
                      <abbr
                        aria-label="May 16, 2021"
                      >
                        16
                      </abbr>
                    </button>
                    <button
                      className="react-calendar__tile react-calendar__month-view__days__day"
                      onClick={[Function]}
                      onFocus={null}
                      onMouseOver={null}
                      style={
                        Object {
                          "flexBasis": "14.285714285714286%",
                          "marginLeft": null,
                          "maxWidth": "14.285714285714286%",
                          "overflow": "hidden",
                        }
                      }
                      type="button"
                    >
                      <abbr
                        aria-label="May 17, 2021"
                      >
                        17
                      </abbr>
                    </button>
                    <button
                      className="react-calendar__tile react-calendar__month-view__days__day"
                      onClick={[Function]}
                      onFocus={null}
                      onMouseOver={null}
                      style={
                        Object {
                          "flexBasis": "14.285714285714286%",
                          "marginLeft": null,
                          "maxWidth": "14.285714285714286%",
                          "overflow": "hidden",
                        }
                      }
                      type="button"
                    >
                      <abbr
                        aria-label="May 18, 2021"
                      >
                        18
                      </abbr>
                    </button>
                    <button
                      className="react-calendar__tile react-calendar__month-view__days__day"
                      onClick={[Function]}
                      onFocus={null}
                      onMouseOver={null}
                      style={
                        Object {
                          "flexBasis": "14.285714285714286%",
                          "marginLeft": null,
                          "maxWidth": "14.285714285714286%",
                          "overflow": "hidden",
                        }
                      }
                      type="button"
                    >
                      <abbr
                        aria-label="May 19, 2021"
                      >
                        19
                      </abbr>
                    </button>
                    <button
                      className="react-calendar__tile react-calendar__month-view__days__day"
                      onClick={[Function]}
                      onFocus={null}
                      onMouseOver={null}
                      style={
                        Object {
                          "flexBasis": "14.285714285714286%",
                          "marginLeft": null,
                          "maxWidth": "14.285714285714286%",
                          "overflow": "hidden",
                        }
                      }
                      type="button"
                    >
                      <abbr
                        aria-label="May 20, 2021"
                      >
                        20
                      </abbr>
                    </button>
                    <button
                      className="react-calendar__tile react-calendar__month-view__days__day"
                      onClick={[Function]}
                      onFocus={null}
                      onMouseOver={null}
                      style={
                        Object {
                          "flexBasis": "14.285714285714286%",
                          "marginLeft": null,
                          "maxWidth": "14.285714285714286%",
                          "overflow": "hidden",
                        }
                      }
                      type="button"
                    >
                      <abbr
                        aria-label="May 21, 2021"
                      >
                        21
                      </abbr>
                    </button>
                    <button
                      className="react-calendar__tile react-calendar__month-view__days__day react-calendar__month-view__days__day--weekend"
                      onClick={[Function]}
                      onFocus={null}
                      onMouseOver={null}
                      style={
                        Object {
                          "flexBasis": "14.285714285714286%",
                          "marginLeft": null,
                          "maxWidth": "14.285714285714286%",
                          "overflow": "hidden",
                        }
                      }
                      type="button"
                    >
                      <abbr
                        aria-label="May 22, 2021"
                      >
                        22
                      </abbr>
                    </button>
                    <button
                      className="react-calendar__tile react-calendar__month-view__days__day react-calendar__month-view__days__day--weekend"
                      onClick={[Function]}
                      onFocus={null}
                      onMouseOver={null}
                      style={
                        Object {
                          "flexBasis": "14.285714285714286%",
                          "marginLeft": null,
                          "maxWidth": "14.285714285714286%",
                          "overflow": "hidden",
                        }
                      }
                      type="button"
                    >
                      <abbr
                        aria-label="May 23, 2021"
                      >
                        23
                      </abbr>
                    </button>
                    <button
                      className="react-calendar__tile react-calendar__month-view__days__day"
                      onClick={[Function]}
                      onFocus={null}
                      onMouseOver={null}
                      style={
                        Object {
                          "flexBasis": "14.285714285714286%",
                          "marginLeft": null,
                          "maxWidth": "14.285714285714286%",
                          "overflow": "hidden",
                        }
                      }
                      type="button"
                    >
                      <abbr
                        aria-label="May 24, 2021"
                      >
                        24
                      </abbr>
                    </button>
                    <button
                      className="react-calendar__tile react-calendar__month-view__days__day"
                      onClick={[Function]}
                      onFocus={null}
                      onMouseOver={null}
                      style={
                        Object {
                          "flexBasis": "14.285714285714286%",
                          "marginLeft": null,
                          "maxWidth": "14.285714285714286%",
                          "overflow": "hidden",
                        }
                      }
                      type="button"
                    >
                      <abbr
                        aria-label="May 25, 2021"
                      >
                        25
                      </abbr>
                    </button>
                    <button
                      className="react-calendar__tile react-calendar__month-view__days__day"
                      onClick={[Function]}
                      onFocus={null}
                      onMouseOver={null}
                      style={
                        Object {
                          "flexBasis": "14.285714285714286%",
                          "marginLeft": null,
                          "maxWidth": "14.285714285714286%",
                          "overflow": "hidden",
                        }
                      }
                      type="button"
                    >
                      <abbr
                        aria-label="May 26, 2021"
                      >
                        26
                      </abbr>
                    </button>
                    <button
                      className="react-calendar__tile react-calendar__month-view__days__day"
                      onClick={[Function]}
                      onFocus={null}
                      onMouseOver={null}
                      style={
                        Object {
                          "flexBasis": "14.285714285714286%",
                          "marginLeft": null,
                          "maxWidth": "14.285714285714286%",
                          "overflow": "hidden",
                        }
                      }
                      type="button"
                    >
                      <abbr
                        aria-label="May 27, 2021"
                      >
                        27
                      </abbr>
                    </button>
                    <button
                      className="react-calendar__tile react-calendar__month-view__days__day"
                      onClick={[Function]}
                      onFocus={null}
                      onMouseOver={null}
                      style={
                        Object {
                          "flexBasis": "14.285714285714286%",
                          "marginLeft": null,
                          "maxWidth": "14.285714285714286%",
                          "overflow": "hidden",
                        }
                      }
                      type="button"
                    >
                      <abbr
                        aria-label="May 28, 2021"
                      >
                        28
                      </abbr>
                    </button>
                    <button
                      className="react-calendar__tile react-calendar__month-view__days__day react-calendar__month-view__days__day--weekend"
                      onClick={[Function]}
                      onFocus={null}
                      onMouseOver={null}
                      style={
                        Object {
                          "flexBasis": "14.285714285714286%",
                          "marginLeft": null,
                          "maxWidth": "14.285714285714286%",
                          "overflow": "hidden",
                        }
                      }
                      type="button"
                    >
                      <abbr
                        aria-label="May 29, 2021"
                      >
                        29
                      </abbr>
                    </button>
                    <button
                      className="react-calendar__tile react-calendar__month-view__days__day react-calendar__month-view__days__day--weekend"
                      onClick={[Function]}
                      onFocus={null}
                      onMouseOver={null}
                      style={
                        Object {
                          "flexBasis": "14.285714285714286%",
                          "marginLeft": null,
                          "maxWidth": "14.285714285714286%",
                          "overflow": "hidden",
                        }
                      }
                      type="button"
                    >
                      <abbr
                        aria-label="May 30, 2021"
                      >
                        30
                      </abbr>
                    </button>
                    <button
                      className="react-calendar__tile react-calendar__month-view__days__day"
                      onClick={[Function]}
                      onFocus={null}
                      onMouseOver={null}
                      style={
                        Object {
                          "flexBasis": "14.285714285714286%",
                          "marginLeft": null,
                          "maxWidth": "14.285714285714286%",
                          "overflow": "hidden",
                        }
                      }
                      type="button"
                    >
                      <abbr
                        aria-label="May 31, 2021"
                      >
                        31
                      </abbr>
                    </button>
                    <button
                      className="react-calendar__tile react-calendar__month-view__days__day react-calendar__month-view__days__day--neighboringMonth"
                      onClick={[Function]}
                      onFocus={null}
                      onMouseOver={null}
                      style={
                        Object {
                          "flexBasis": "14.285714285714286%",
                          "marginLeft": null,
                          "maxWidth": "14.285714285714286%",
                          "overflow": "hidden",
                        }
                      }
                      type="button"
                    >
                      <abbr
                        aria-label="June 1, 2021"
                      >
                        1
                      </abbr>
                    </button>
                    <button
                      className="react-calendar__tile react-calendar__month-view__days__day react-calendar__month-view__days__day--neighboringMonth"
                      onClick={[Function]}
                      onFocus={null}
                      onMouseOver={null}
                      style={
                        Object {
                          "flexBasis": "14.285714285714286%",
                          "marginLeft": null,
                          "maxWidth": "14.285714285714286%",
                          "overflow": "hidden",
                        }
                      }
                      type="button"
                    >
                      <abbr
                        aria-label="June 2, 2021"
                      >
                        2
                      </abbr>
                    </button>
                    <button
                      className="react-calendar__tile react-calendar__month-view__days__day react-calendar__month-view__days__day--neighboringMonth"
                      onClick={[Function]}
                      onFocus={null}
                      onMouseOver={null}
                      style={
                        Object {
                          "flexBasis": "14.285714285714286%",
                          "marginLeft": null,
                          "maxWidth": "14.285714285714286%",
                          "overflow": "hidden",
                        }
                      }
                      type="button"
                    >
                      <abbr
                        aria-label="June 3, 2021"
                      >
                        3
                      </abbr>
                    </button>
                    <button
                      className="react-calendar__tile react-calendar__month-view__days__day react-calendar__month-view__days__day--neighboringMonth"
                      onClick={[Function]}
                      onFocus={null}
                      onMouseOver={null}
                      style={
                        Object {
                          "flexBasis": "14.285714285714286%",
                          "marginLeft": null,
                          "maxWidth": "14.285714285714286%",
                          "overflow": "hidden",
                        }
                      }
                      type="button"
                    >
                      <abbr
                        aria-label="June 4, 2021"
                      >
                        4
                      </abbr>
                    </button>
                    <button
                      className="react-calendar__tile react-calendar__month-view__days__day react-calendar__month-view__days__day--weekend react-calendar__month-view__days__day--neighboringMonth"
                      onClick={[Function]}
                      onFocus={null}
                      onMouseOver={null}
                      style={
                        Object {
                          "flexBasis": "14.285714285714286%",
                          "marginLeft": null,
                          "maxWidth": "14.285714285714286%",
                          "overflow": "hidden",
                        }
                      }
                      type="button"
                    >
                      <abbr
                        aria-label="June 5, 2021"
                      >
                        5
                      </abbr>
                    </button>
                    <button
                      className="react-calendar__tile react-calendar__month-view__days__day react-calendar__month-view__days__day--weekend react-calendar__month-view__days__day--neighboringMonth"
                      onClick={[Function]}
                      onFocus={null}
                      onMouseOver={null}
                      style={
                        Object {
                          "flexBasis": "14.285714285714286%",
                          "marginLeft": null,
                          "maxWidth": "14.285714285714286%",
                          "overflow": "hidden",
                        }
                      }
                      type="button"
                    >
                      <abbr
                        aria-label="June 6, 2021"
                      >
                        6
                      </abbr>
                    </button>
                  </div>
                </div>
              </div>
            </div>
          </div>
        </div>
      </div>
      <label>
        Anything you care to add?
         
        <span
          style={
            Object {
              "color": "smokewhite",
              "fontStyle": "italic",
            }
          }
        >
          (optional)
        </span>
      </label>
      <input
        name="content"
        onChange={[Function]}
        type="text"
        value=""
      />
      <div
        id="required-fields"
      >
        <p
          style={
            Object {
              "color": "smokewhite",
              "fontStyle": "italic",
            }
          }
        >
          (* indicates required field)
        </p>
      </div>
      <label>
        Rate your experience of the show*
      </label>
      <div
        className="ratings"
      >
        <input
          className={null}
          id="rating"
          max="5"
          min="1"
          name="rating"
          onBlur={[Function]}
          onChange={[Function]}
          type="number"
          value=""
        />
      </div>
      <button
        disabled={true}
        id="submit-review-button"
        type="disabled"
      >
        Submit
      </button>
    </form>
    <div
      id="error-message"
    />
  </div>,
  <div
    className="add-reviews-push"
  />,
]
`;
