// Jest Snapshot v1, https://goo.gl/fbAQLP

exports[`renders UI as expected 1`] = `
<div
  className="login-form-container"
>
  <main>
    <form
      id="login-form"
      onSubmit={[Function]}
    >
      <h1
        style={
          Object {
            "color": "whiteSmoke",
            "marginTop": "0",
            "paddingTop": "0",
          }
        }
      >
        Log in to Livemodo
      </h1>
      <label>
        Email
      </label>
      <input
        aria-label="email"
        name="email"
        onChange={[Function]}
        required={true}
        style={
          Object {
            "color": "black",
          }
        }
        type="text"
        value="john@smith.com"
      />
      <label>
        Password
      </label>
      <input
        aria-label="password"
        id="password"
        name="password"
        onChange={[Function]}
        required={true}
        style={
          Object {
            "color": "black",
          }
        }
        type="password"
        value="JohnSmith1!"
      />
      <div
        id="toggle-password"
      >
        <input
          aria-label="checkbox"
          id="checkbox"
          onClick={[Function]}
          type="checkbox"
        />
        <span
          id="show-password"
        >
          Show password
        </span>
      </div>
      <button
        id="button"
      >
        Log in
      </button>
    </form>
    <p
      style={
        Object {
          "color": "red",
          "marginTop": "0",
          "paddingTop": "0",
        }
      }
    >
      
    </p>
    <section
      id="help"
    >
      <div
        id="forgot-password"
      >
        <a
          href="/"
          onClick={[Function]}
          style={
            Object {
              "color": "whiteSmoke",
            }
          }
        >
          Forgot password?
           
        </a>
      </div>
      <div
        id="register"
      >
        <a
          href="/register"
          onClick={[Function]}
          style={
            Object {
              "color": "whiteSmoke",
            }
          }
        >
          Sign up
        </a>
      </div>
    </section>
    <div
      id="error"
    >
      
    </div>
    <div
      className="login-push"
    />
  </main>
</div>
`;
