// Jest Snapshot v1, https://goo.gl/fbAQLP

exports[`renders the UI as exptected 1`] = `
Array [
  <h3>
    Forgot your password? No worries...
  </h3>,
  <label>
    Please enter your email in the box below and we'll send you a link to reset your password
  </label>,
  <form
    onSubmit={[Function]}
  >
    <input
      type="text"
    />
    <button>
      Submit
    </button>
  </form>,
]
`;
